
Discarded input sections

 .rdata$.refptr.gInfo
                0x0000000000000000       0x10 graphic\string.obj

Memory Configuration

Name             Origin             Length             Attributes
HEAD             0x0000000000000000 0x00000000000f7800 xr
BODY             0x0000000000110000 0x0000000008000000 xr
*default*        0x0000000000000000 0xffffffffffffffff

Linker script and memory map

                0x0000000000400000                __image_base__ = 0x400000
                0x0000000000000000                __dll__ = 0x0
                0x0000000000400000                __ImageBase = 0x400000
                0x0000000000001000                __section_alignment__ = 0x1000
                0x0000000000000200                __file_alignment__ = 0x200
                0x0000000000000004                __major_os_version__ = 0x4
                0x0000000000000000                __minor_os_version__ = 0x0
                0x0000000000000000                __major_image_version__ = 0x0
                0x0000000000000000                __minor_image_version__ = 0x0
                0x0000000000000005                __major_subsystem_version__ = 0x5
                0x0000000000000002                __minor_subsystem_version__ = 0x2
                0x0000000000000003                __subsystem__ = 0x3
                0x0000000000200000                __size_of_stack_reserve__ = 0x200000
                0x0000000000001000                __size_of_stack_commit__ = 0x1000
                0x0000000000100000                __size_of_heap_reserve__ = 0x100000
                0x0000000000001000                __size_of_heap_commit__ = 0x1000
                0x0000000000000000                __loader_flags__ = 0x0
                0x0000000000000000                __dll_characteristics__ = 0x0

.xdata          0x0000000000000000      0x200
 .xdata         0x0000000000000000       0x44 console\console.obj
 .xdata         0x0000000000000044       0x18 core\kernel.obj
 .xdata         0x000000000000005c        0x4 graphic\init.obj
 .xdata         0x0000000000000060       0x18 graphic\simple.obj
 .xdata         0x0000000000000078       0x18 graphic\string.obj
 .xdata         0x0000000000000090       0x30 memory\gdtidt.obj
 .xdata         0x00000000000000c0       0x24 memory\interrupt.obj
 .xdata         0x00000000000000e4       0x24 memory\device.obj
 .xdata         0x0000000000000108        0xc util\stdio.obj
 .xdata         0x0000000000000114       0x20 util\fifo.obj

.pdata          0x0000000000001000      0x200
 .pdata         0x0000000000001000       0x48 console\console.obj
 .pdata         0x0000000000001048       0x18 core\kernel.obj
 .pdata         0x0000000000001060        0xc graphic\init.obj
 .pdata         0x000000000000106c       0x18 graphic\simple.obj
 .pdata         0x0000000000001084       0x18 graphic\string.obj
 .pdata         0x000000000000109c       0x30 memory\gdtidt.obj
 .pdata         0x00000000000010cc       0x24 memory\interrupt.obj
 .pdata         0x00000000000010f0       0x24 memory\device.obj
 .pdata         0x0000000000001114        0xc util\stdio.obj
 .pdata         0x0000000000001120       0x24 util\fifo.obj

.body           0x0000000000110000     0x2800
 *(.text.entry)
 .text.entry    0x0000000000110000        0x8 core\entry.obj
                0x0000000000110000                _start
 *(.text*)
 *fill*         0x0000000000110008        0x8 
 .text          0x0000000000110010      0x2c0 console\console.obj
                0x0000000000110010                initConsole
                0x0000000000110052                inputConsole
                0x00000000001100e1                nLineConsole
                0x0000000000110136                slideConsole
                0x00000000001101e4                clearConsole
                0x0000000000110200                drawConsole
 .text          0x00000000001102d0        0x0 core\entry.obj
 .text          0x00000000001102d0      0x200 core\kernel.obj
                0x00000000001102d0                kernel_init
                0x0000000000110355                kernel_main
 .text          0x00000000001104d0       0x10 graphic\init.obj
                0x00000000001104d0                initGraphic
 .text          0x00000000001104e0      0x150 graphic\simple.obj
                0x00000000001104e0                drawRectangle
                0x0000000000110568                drawCircle
 .text          0x0000000000110630      0x310 graphic\string.obj
                0x0000000000110630                drawCharacter
                0x00000000001108db                drawString
 .text          0x0000000000110940       0x61 memory\asm_gdtidt.obj
                0x0000000000110940                loadGdt
                0x000000000011097c                main_label
                0x0000000000110982                loadIdt
 *fill*         0x00000000001109a1        0xf 
 .text          0x00000000001109b0      0x290 memory\gdtidt.obj
                0x00000000001109b0                initGdt
                0x0000000000110a0b                initIdt
                0x0000000000110adb                initPic
                0x0000000000110bca                makeGateDescriptor
 .text          0x0000000000110c40       0xc0 memory\interrupt.obj
                0x0000000000110c40                emptyHandler
                0x0000000000110c67                keyboardHandler
                0x0000000000110caa                mouseHandler
 .text          0x0000000000110d00       0x3d memory\asm_interrupt.obj
                0x0000000000110d00                asmEmptyHandler
                0x0000000000110d13                asmKeyboardHandler
                0x0000000000110d28                asmMouseHandler
 *fill*         0x0000000000110d3d        0x3 
 .text          0x0000000000110d40       0xb0 memory\device.obj
                0x0000000000110d40                initKeyBoard
                0x0000000000110d93                waitKeyboardSendReady
                0x0000000000110db9                initMouse
 .text          0x0000000000110df0       0x1b util\asmfunc.obj
                0x0000000000110df0                io_cli
                0x0000000000110df2                io_sti
                0x0000000000110df4                io_in8
                0x0000000000110dfa                io_in32
                0x0000000000110dff                io_out8
                0x0000000000110e05                io_out32
 *fill*         0x0000000000110e0b        0x5 
 .text          0x0000000000110e10      0x180 util\stdio.obj
                0x0000000000110e10                sprintf
 .text          0x0000000000110f90      0x160 util\fifo.obj
                0x0000000000110f90                initFIFO
                0x0000000000110fe9                putFIFO
                0x000000000011105e                getFIFO
 *(.rodata*)
 *(.data*)
 .data          0x00000000001110f0        0x0 console\console.obj
 .data          0x00000000001110f0       0x20 core\kernel.obj
                0x00000000001110f0                gInfo
                0x00000000001110f8                GDT
                0x0000000000111100                IDT
 .data          0x0000000000111110        0x0 graphic\init.obj
 .data          0x0000000000111110        0x0 graphic\simple.obj
 *fill*         0x0000000000111110       0x10 
 .data          0x0000000000111120      0x600 graphic\string.obj
                0x0000000000111120                _fonts
 .data          0x0000000000111720        0x0 memory\gdtidt.obj
 .data          0x0000000000111720        0x0 memory\interrupt.obj
 .data          0x0000000000111720        0x0 memory\device.obj
 .data          0x0000000000111720        0x0 util\stdio.obj
 .data          0x0000000000111720        0x0 util\fifo.obj
 *(.rdata*)
 .rdata$zzz     0x0000000000111720       0x40 console\console.obj
 .rdata         0x0000000000111760       0x50 core\kernel.obj
 .rdata$zzz     0x00000000001117b0       0x40 core\kernel.obj
 .rdata$zzz     0x00000000001117f0       0x40 graphic\init.obj
 .rdata$zzz     0x0000000000111830       0x40 graphic\simple.obj
 .rdata$.refptr.gInfo
                0x0000000000111870       0x10 graphic\simple.obj
                0x0000000000111870                .refptr.gInfo
 .rdata$zzz     0x0000000000111880       0x40 graphic\string.obj
 .rdata         0x00000000001118c0       0x20 memory\gdtidt.obj
 .rdata$zzz     0x00000000001118e0       0x40 memory\gdtidt.obj
 .rdata$.refptr.asmMouseHandler
                0x0000000000111920       0x10 memory\gdtidt.obj
                0x0000000000111920                .refptr.asmMouseHandler
 .rdata$.refptr.asmKeyboardHandler
                0x0000000000111930       0x10 memory\gdtidt.obj
                0x0000000000111930                .refptr.asmKeyboardHandler
 .rdata$.refptr.IDT
                0x0000000000111940       0x10 memory\gdtidt.obj
                0x0000000000111940                .refptr.IDT
 .rdata$.refptr.asmEmptyHandler
                0x0000000000111950       0x10 memory\gdtidt.obj
                0x0000000000111950                .refptr.asmEmptyHandler
 .rdata$.refptr.GDT
                0x0000000000111960       0x10 memory\gdtidt.obj
                0x0000000000111960                .refptr.GDT
 .rdata         0x0000000000111970       0x10 memory\interrupt.obj
 .rdata$zzz     0x0000000000111980       0x40 memory\interrupt.obj
 .rdata$.refptr.fifo
                0x00000000001119c0       0x10 memory\interrupt.obj
                0x00000000001119c0                .refptr.fifo
 .rdata         0x00000000001119d0       0x20 memory\device.obj
 .rdata$zzz     0x00000000001119f0       0x40 memory\device.obj
 .rdata$zzz     0x0000000000111a30       0x40 util\stdio.obj
 .rdata$zzz     0x0000000000111a70       0x40 util\fifo.obj
                0x0000000000111ab0                _bss_start = .
 *(.bss)
 .bss           0x0000000000111ab0        0x0 console\console.obj
 *fill*         0x0000000000111ab0       0x10 
 .bss           0x0000000000111ac0      0xce0 core\kernel.obj
                0x0000000000111ac0                mflag
                0x0000000000111ae0                mes
                0x0000000000111b60                fifo
                0x0000000000111d80                console
 .bss           0x00000000001127a0        0x0 graphic\init.obj
 .bss           0x00000000001127a0        0x0 graphic\simple.obj
 .bss           0x00000000001127a0        0x0 graphic\string.obj
 .bss           0x00000000001127a0       0x10 memory\gdtidt.obj
                0x00000000001127a0                idtr
 .bss           0x00000000001127b0        0x0 memory\interrupt.obj
 .bss           0x00000000001127b0        0x0 memory\device.obj
 .bss           0x00000000001127b0        0x0 util\stdio.obj
 .bss           0x00000000001127b0        0x0 util\fifo.obj
                0x00000000001127b0                _bss_end = .
 *(.text.entry)
 *(.text*)
 *(.rodata*)
 *(.data*)
 *(.rdata*)
                0x00000000001127b0                _bss_start = .
 *(.bss)
                0x00000000001127b0                _bss_end = .

/DISCARD/
 *(.eh_frame)
 *(.eh_frame)
LOAD console\console.obj
LOAD core\entry.obj
LOAD core\kernel.obj
LOAD graphic\init.obj
LOAD graphic\simple.obj
LOAD graphic\string.obj
LOAD memory\asm_gdtidt.obj
LOAD memory\gdtidt.obj
LOAD memory\interrupt.obj
LOAD memory\asm_interrupt.obj
LOAD memory\device.obj
LOAD util\asmfunc.obj
LOAD util\stdio.obj
LOAD util\fifo.obj
LOAD scripts\kernel.ld
OUTPUT(kernel.exe pei-x86-64)
