
Discarded input sections

 .rdata$.refptr.gInfo
                0x0000000000000000       0x10 graphic\simple.obj
 .rdata$.refptr.gInfo
                0x0000000000000000       0x10 graphic\string.obj

Memory Configuration

Name             Origin             Length             Attributes
HEAD             0x0000000000000000 0x00000000000f7800 xr
BODY             0x0000000000110000 0x0000000008000000 xr
*default*        0x0000000000000000 0xffffffffffffffff

Linker script and memory map

                0x0000000000400000                __image_base__ = 0x400000
                0x0000000000000000                __dll__ = 0x0
                0x0000000000400000                __ImageBase = 0x400000
                0x0000000000001000                __section_alignment__ = 0x1000
                0x0000000000000200                __file_alignment__ = 0x200
                0x0000000000000004                __major_os_version__ = 0x4
                0x0000000000000000                __minor_os_version__ = 0x0
                0x0000000000000000                __major_image_version__ = 0x0
                0x0000000000000000                __minor_image_version__ = 0x0
                0x0000000000000005                __major_subsystem_version__ = 0x5
                0x0000000000000002                __minor_subsystem_version__ = 0x2
                0x0000000000000003                __subsystem__ = 0x3
                0x0000000000200000                __size_of_stack_reserve__ = 0x200000
                0x0000000000001000                __size_of_stack_commit__ = 0x1000
                0x0000000000100000                __size_of_heap_reserve__ = 0x100000
                0x0000000000001000                __size_of_heap_commit__ = 0x1000
                0x0000000000000000                __loader_flags__ = 0x0
                0x0000000000000000                __dll_characteristics__ = 0x0

.xdata          0x0000000000000000      0x200
 .xdata         0x0000000000000000       0x44 console\console.obj
 .xdata         0x0000000000000044       0x18 core\kernel.obj
 .xdata         0x000000000000005c       0x28 device\mouse.obj
 .xdata         0x0000000000000084        0x4 graphic\init.obj
 .xdata         0x0000000000000088       0x20 graphic\simple.obj
 .xdata         0x00000000000000a8       0x18 graphic\string.obj
 .xdata         0x00000000000000c0       0x30 memory\gdtidt.obj
 .xdata         0x00000000000000f0       0x30 memory\interrupt.obj
 .xdata         0x0000000000000120       0x30 memory\device.obj
 .xdata         0x0000000000000150       0x24 time\time.obj
 .xdata         0x0000000000000174        0xc util\stdio.obj
 .xdata         0x0000000000000180       0x20 util\fifo.obj

.pdata          0x0000000000001000      0x200
 .pdata         0x0000000000001000       0x48 console\console.obj
 .pdata         0x0000000000001048       0x18 core\kernel.obj
 .pdata         0x0000000000001060       0x30 device\mouse.obj
 .pdata         0x0000000000001090        0xc graphic\init.obj
 .pdata         0x000000000000109c       0x24 graphic\simple.obj
 .pdata         0x00000000000010c0       0x18 graphic\string.obj
 .pdata         0x00000000000010d8       0x30 memory\gdtidt.obj
 .pdata         0x0000000000001108       0x30 memory\interrupt.obj
 .pdata         0x0000000000001138       0x30 memory\device.obj
 .pdata         0x0000000000001168       0x24 time\time.obj
 .pdata         0x000000000000118c        0xc util\stdio.obj
 .pdata         0x0000000000001198       0x24 util\fifo.obj

.body           0x0000000000110000     0x3000
 *(.text.entry)
 .text.entry    0x0000000000110000        0x8 core\entry.obj
                0x0000000000110000                _start
 *(.text*)
 *fill*         0x0000000000110008        0x8 
 .text          0x0000000000110010      0x2c0 console\console.obj
                0x0000000000110010                initConsole
                0x0000000000110052                inputConsole
                0x00000000001100e1                nLineConsole
                0x0000000000110136                slideConsole
                0x00000000001101e4                clearConsole
                0x0000000000110200                drawConsole
 .text          0x00000000001102d0        0x0 core\entry.obj
 .text          0x00000000001102d0      0x360 core\kernel.obj
                0x00000000001102d0                kernel_init
                0x0000000000110355                kernel_main
 .text          0x0000000000110630      0x2b0 device\mouse.obj
                0x0000000000110630                initMouseInfo
                0x00000000001106a5                inputMouseInfo
                0x00000000001106fe                decodeMouseInfo
                0x0000000000110812                drawMouse
 .text          0x00000000001108e0       0x10 graphic\init.obj
                0x00000000001108e0                initGraphic
 .text          0x00000000001108f0      0x1a0 graphic\simple.obj
                0x00000000001108f0                drawPoint
                0x000000000011093a                drawRectangle
                0x00000000001109c2                drawCircle
 .text          0x0000000000110a90      0x320 graphic\string.obj
                0x0000000000110a90                drawCharacter
                0x0000000000110d3b                drawString
 .text          0x0000000000110db0       0x61 memory\asm_gdtidt.obj
                0x0000000000110db0                loadGdt
                0x0000000000110dec                main_label
                0x0000000000110df2                loadIdt
 *fill*         0x0000000000110e11        0xf 
 .text          0x0000000000110e20      0x270 memory\gdtidt.obj
                0x0000000000110e20                initGdt
                0x0000000000110e7b                initIdt
                0x0000000000110f7e                initPic
                0x0000000000111023                makeGateDescriptor
 .text          0x0000000000111090      0x100 memory\interrupt.obj
                0x0000000000111090                emptyHandler
                0x00000000001110b7                timerHandler
                0x00000000001110ec                keyboardHandler
                0x000000000011112f                mouseHandler
 .text          0x0000000000111190       0x52 memory\asm_interrupt.obj
                0x0000000000111190                asmEmptyHandler
                0x00000000001111a3                asmTimerHandler
                0x00000000001111b8                asmKeyboardHandler
                0x00000000001111cd                asmMouseHandler
 *fill*         0x00000000001111e2        0xe 
 .text          0x00000000001111f0       0xd0 memory\device.obj
                0x00000000001111f0                initTimer
                0x000000000011122c                initKeyBoard
                0x0000000000111263                waitKeyboardSendReady
                0x0000000000111289                initMouse
 .text          0x00000000001112c0      0x190 time\time.obj
                0x00000000001112c0                updateRtc
                0x00000000001112f5                getTime
                0x0000000000111417                getTimeData
 .text          0x0000000000111450       0x1b util\asmfunc.obj
                0x0000000000111450                io_cli
                0x0000000000111452                io_sti
                0x0000000000111454                io_in8
                0x000000000011145a                io_in32
                0x000000000011145f                io_out8
                0x0000000000111465                io_out32
 *fill*         0x000000000011146b        0x5 
 .text          0x0000000000111470      0x240 util\stdio.obj
                0x0000000000111470                sprintf
 .text          0x00000000001116b0      0x160 util\fifo.obj
                0x00000000001116b0                initFIFO
                0x0000000000111709                putFIFO
                0x000000000011177e                getFIFO
 *(.rodata*)
 *(.data*)
 .data          0x0000000000111810        0x0 console\console.obj
 .data          0x0000000000111810       0x20 core\kernel.obj
                0x0000000000111810                gInfo
                0x0000000000111818                GDT
                0x0000000000111820                IDT
 *fill*         0x0000000000111830       0x10 
 .data          0x0000000000111840       0xe0 device\mouse.obj
                0x0000000000111840                cursor
 .data          0x0000000000111920        0x0 graphic\init.obj
 .data          0x0000000000111920        0x0 graphic\simple.obj
 .data          0x0000000000111920      0x600 graphic\string.obj
                0x0000000000111920                _fonts
 .data          0x0000000000111f20        0x0 memory\gdtidt.obj
 .data          0x0000000000111f20        0x0 memory\interrupt.obj
 .data          0x0000000000111f20        0x0 memory\device.obj
 .data          0x0000000000111f20        0x0 time\time.obj
 .data          0x0000000000111f20        0x0 util\stdio.obj
 .data          0x0000000000111f20        0x0 util\fifo.obj
 *(.rdata*)
 .rdata$zzz     0x0000000000111f20       0x40 console\console.obj
 .rdata         0x0000000000111f60       0x60 core\kernel.obj
 .rdata$zzz     0x0000000000111fc0       0x40 core\kernel.obj
 .rdata$zzz     0x0000000000112000       0x40 device\mouse.obj
 .rdata$.refptr.gInfo
                0x0000000000112040       0x10 device\mouse.obj
                0x0000000000112040                .refptr.gInfo
 .rdata$zzz     0x0000000000112050       0x40 graphic\init.obj
 .rdata$zzz     0x0000000000112090       0x40 graphic\simple.obj
 .rdata$zzz     0x00000000001120d0       0x40 graphic\string.obj
 .rdata$zzz     0x0000000000112110       0x40 memory\gdtidt.obj
 .rdata$.refptr.asmMouseHandler
                0x0000000000112150       0x10 memory\gdtidt.obj
                0x0000000000112150                .refptr.asmMouseHandler
 .rdata$.refptr.asmKeyboardHandler
                0x0000000000112160       0x10 memory\gdtidt.obj
                0x0000000000112160                .refptr.asmKeyboardHandler
 .rdata$.refptr.asmTimerHandler
                0x0000000000112170       0x10 memory\gdtidt.obj
                0x0000000000112170                .refptr.asmTimerHandler
 .rdata$.refptr.IDT
                0x0000000000112180       0x10 memory\gdtidt.obj
                0x0000000000112180                .refptr.IDT
 .rdata$.refptr.asmEmptyHandler
                0x0000000000112190       0x10 memory\gdtidt.obj
                0x0000000000112190                .refptr.asmEmptyHandler
 .rdata$.refptr.GDT
                0x00000000001121a0       0x10 memory\gdtidt.obj
                0x00000000001121a0                .refptr.GDT
 .rdata         0x00000000001121b0       0x10 memory\interrupt.obj
 .rdata$zzz     0x00000000001121c0       0x40 memory\interrupt.obj
 .rdata$.refptr.fifo
                0x0000000000112200       0x10 memory\interrupt.obj
                0x0000000000112200                .refptr.fifo
 .rdata$zzz     0x0000000000112210       0x40 memory\device.obj
 .rdata$zzz     0x0000000000112250       0x40 time\time.obj
 .rdata$zzz     0x0000000000112290       0x40 util\stdio.obj
 .rdata$zzz     0x00000000001122d0       0x40 util\fifo.obj
                0x0000000000112310                _bss_start = .
 *(.bss)
 .bss           0x0000000000112310        0x0 console\console.obj
 *fill*         0x0000000000112310       0x10 
 .bss           0x0000000000112320      0xc60 core\kernel.obj
                0x0000000000112320                mouse
                0x0000000000112340                fifo
                0x0000000000112560                console
 .bss           0x0000000000112f80        0x0 device\mouse.obj
 .bss           0x0000000000112f80        0x0 graphic\init.obj
 .bss           0x0000000000112f80        0x0 graphic\simple.obj
 .bss           0x0000000000112f80        0x0 graphic\string.obj
 .bss           0x0000000000112f80       0x10 memory\gdtidt.obj
                0x0000000000112f80                idtr
 .bss           0x0000000000112f90        0x0 memory\interrupt.obj
 *fill*         0x0000000000112f90       0x10 
 .bss           0x0000000000112fa0       0x40 memory\device.obj
                0x0000000000112fa0                str
 .bss           0x0000000000112fe0        0x0 time\time.obj
 .bss           0x0000000000112fe0        0x0 util\stdio.obj
 .bss           0x0000000000112fe0        0x0 util\fifo.obj
                0x0000000000112fe0                _bss_end = .
 *(.text.entry)
 *(.text*)
 *(.rodata*)
 *(.data*)
 *(.rdata*)
                0x0000000000112fe0                _bss_start = .
 *(.bss)
                0x0000000000112fe0                _bss_end = .

/DISCARD/
 *(.eh_frame)
 *(.eh_frame)
LOAD console\console.obj
LOAD core\entry.obj
LOAD core\kernel.obj
LOAD device\mouse.obj
LOAD graphic\init.obj
LOAD graphic\simple.obj
LOAD graphic\string.obj
LOAD memory\asm_gdtidt.obj
LOAD memory\gdtidt.obj
LOAD memory\interrupt.obj
LOAD memory\asm_interrupt.obj
LOAD memory\device.obj
LOAD time\time.obj
LOAD util\asmfunc.obj
LOAD util\stdio.obj
LOAD util\fifo.obj
LOAD scripts\kernel.ld
OUTPUT(kernel.exe pei-x86-64)
