
Discarded input sections

 .rdata$.refptr.gInfo
                0x0000000000000000       0x10 graphic\simple.obj
 .rdata$.refptr.gInfo
                0x0000000000000000       0x10 graphic\string.obj

Memory Configuration

Name             Origin             Length             Attributes
HEAD             0x0000000000000000 0x00000000000f7800 xr
BODY             0x0000000000110000 0x0000000008000000 xr
*default*        0x0000000000000000 0xffffffffffffffff

Linker script and memory map

                0x0000000000400000                __image_base__ = 0x400000
                0x0000000000000000                __dll__ = 0x0
                0x0000000000400000                __ImageBase = 0x400000
                0x0000000000001000                __section_alignment__ = 0x1000
                0x0000000000000200                __file_alignment__ = 0x200
                0x0000000000000004                __major_os_version__ = 0x4
                0x0000000000000000                __minor_os_version__ = 0x0
                0x0000000000000000                __major_image_version__ = 0x0
                0x0000000000000000                __minor_image_version__ = 0x0
                0x0000000000000005                __major_subsystem_version__ = 0x5
                0x0000000000000002                __minor_subsystem_version__ = 0x2
                0x0000000000000003                __subsystem__ = 0x3
                0x0000000000200000                __size_of_stack_reserve__ = 0x200000
                0x0000000000001000                __size_of_stack_commit__ = 0x1000
                0x0000000000100000                __size_of_heap_reserve__ = 0x100000
                0x0000000000001000                __size_of_heap_commit__ = 0x1000
                0x0000000000000000                __loader_flags__ = 0x0
                0x0000000000000000                __dll_characteristics__ = 0x0

.xdata          0x0000000000000000      0x200
 .xdata         0x0000000000000000       0x44 console\console.obj
 .xdata         0x0000000000000044       0x18 core\kernel.obj
 .xdata         0x000000000000005c       0x28 device\mouse.obj
 .xdata         0x0000000000000084        0x4 graphic\init.obj
 .xdata         0x0000000000000088       0x20 graphic\simple.obj
 .xdata         0x00000000000000a8       0x18 graphic\string.obj
 .xdata         0x00000000000000c0       0x30 memory\gdtidt.obj
 .xdata         0x00000000000000f0       0x30 memory\interrupt.obj
 .xdata         0x0000000000000120       0x30 memory\device.obj
 .xdata         0x0000000000000150       0x18 time\time.obj
 .xdata         0x0000000000000168        0xc util\stdio.obj
 .xdata         0x0000000000000174       0x20 util\fifo.obj

.pdata          0x0000000000001000      0x200
 .pdata         0x0000000000001000       0x48 console\console.obj
 .pdata         0x0000000000001048       0x18 core\kernel.obj
 .pdata         0x0000000000001060       0x30 device\mouse.obj
 .pdata         0x0000000000001090        0xc graphic\init.obj
 .pdata         0x000000000000109c       0x24 graphic\simple.obj
 .pdata         0x00000000000010c0       0x18 graphic\string.obj
 .pdata         0x00000000000010d8       0x30 memory\gdtidt.obj
 .pdata         0x0000000000001108       0x30 memory\interrupt.obj
 .pdata         0x0000000000001138       0x30 memory\device.obj
 .pdata         0x0000000000001168       0x18 time\time.obj
 .pdata         0x0000000000001180        0xc util\stdio.obj
 .pdata         0x000000000000118c       0x24 util\fifo.obj

.body           0x0000000000110000     0x3000
 *(.text.entry)
 .text.entry    0x0000000000110000        0x8 core\entry.obj
                0x0000000000110000                _start
 *(.text*)
 *fill*         0x0000000000110008        0x8 
 .text          0x0000000000110010      0x2c0 console\console.obj
                0x0000000000110010                initConsole
                0x0000000000110052                inputConsole
                0x00000000001100e1                nLineConsole
                0x0000000000110136                slideConsole
                0x00000000001101e4                clearConsole
                0x0000000000110200                drawConsole
 .text          0x00000000001102d0        0x0 core\entry.obj
 .text          0x00000000001102d0      0x2e0 core\kernel.obj
                0x00000000001102d0                kernel_init
                0x0000000000110355                kernel_main
 .text          0x00000000001105b0      0x2b0 device\mouse.obj
                0x00000000001105b0                initMouseInfo
                0x0000000000110625                inputMouseInfo
                0x000000000011067e                decodeMouseInfo
                0x0000000000110792                drawMouse
 .text          0x0000000000110860       0x10 graphic\init.obj
                0x0000000000110860                initGraphic
 .text          0x0000000000110870      0x1a0 graphic\simple.obj
                0x0000000000110870                drawPoint
                0x00000000001108ba                drawRectangle
                0x0000000000110942                drawCircle
 .text          0x0000000000110a10      0x310 graphic\string.obj
                0x0000000000110a10                drawCharacter
                0x0000000000110cbb                drawString
 .text          0x0000000000110d20       0x61 memory\asm_gdtidt.obj
                0x0000000000110d20                loadGdt
                0x0000000000110d5c                main_label
                0x0000000000110d62                loadIdt
 *fill*         0x0000000000110d81        0xf 
 .text          0x0000000000110d90      0x270 memory\gdtidt.obj
                0x0000000000110d90                initGdt
                0x0000000000110deb                initIdt
                0x0000000000110eee                initPic
                0x0000000000110f93                makeGateDescriptor
 .text          0x0000000000111000      0x140 memory\interrupt.obj
                0x0000000000111000                emptyHandler
                0x0000000000111027                rtcHandler
                0x00000000001110a1                keyboardHandler
                0x00000000001110e4                mouseHandler
 .text          0x0000000000111140       0x52 memory\asm_interrupt.obj
                0x0000000000111140                asmEmptyHandler
                0x0000000000111153                asmRtcHandler
                0x0000000000111168                asmKeyboardHandler
                0x000000000011117d                asmMouseHandler
 *fill*         0x0000000000111192        0xe 
 .text          0x00000000001111a0       0xf0 memory\device.obj
                0x00000000001111a0                initRtc
                0x00000000001111f0                initKeyBoard
                0x0000000000111227                waitKeyboardSendReady
                0x000000000011124d                initMouse
 .text          0x0000000000111290       0xc0 time\time.obj
                0x0000000000111290                getTime
                0x0000000000111312                getTimeData
 .text          0x0000000000111350       0x1b util\asmfunc.obj
                0x0000000000111350                io_cli
                0x0000000000111352                io_sti
                0x0000000000111354                io_in8
                0x000000000011135a                io_in32
                0x000000000011135f                io_out8
                0x0000000000111365                io_out32
 *fill*         0x000000000011136b        0x5 
 .text          0x0000000000111370      0x240 util\stdio.obj
                0x0000000000111370                sprintf
 .text          0x00000000001115b0      0x160 util\fifo.obj
                0x00000000001115b0                initFIFO
                0x0000000000111609                putFIFO
                0x000000000011167e                getFIFO
 *(.rodata*)
 *(.data*)
 .data          0x0000000000111710        0x0 console\console.obj
 .data          0x0000000000111710       0x20 core\kernel.obj
                0x0000000000111710                gInfo
                0x0000000000111718                GDT
                0x0000000000111720                IDT
 *fill*         0x0000000000111730       0x10 
 .data          0x0000000000111740       0xe0 device\mouse.obj
                0x0000000000111740                cursor
 .data          0x0000000000111820        0x0 graphic\init.obj
 .data          0x0000000000111820        0x0 graphic\simple.obj
 .data          0x0000000000111820      0x600 graphic\string.obj
                0x0000000000111820                _fonts
 .data          0x0000000000111e20        0x0 memory\gdtidt.obj
 .data          0x0000000000111e20        0x0 memory\interrupt.obj
 .data          0x0000000000111e20        0x0 memory\device.obj
 .data          0x0000000000111e20        0x0 time\time.obj
 .data          0x0000000000111e20        0x0 util\stdio.obj
 .data          0x0000000000111e20        0x0 util\fifo.obj
 *(.rdata*)
 .rdata$zzz     0x0000000000111e20       0x40 console\console.obj
 .rdata         0x0000000000111e60       0x60 core\kernel.obj
 .rdata$zzz     0x0000000000111ec0       0x40 core\kernel.obj
 .rdata$zzz     0x0000000000111f00       0x40 device\mouse.obj
 .rdata$.refptr.gInfo
                0x0000000000111f40       0x10 device\mouse.obj
                0x0000000000111f40                .refptr.gInfo
 .rdata$zzz     0x0000000000111f50       0x40 graphic\init.obj
 .rdata$zzz     0x0000000000111f90       0x40 graphic\simple.obj
 .rdata$zzz     0x0000000000111fd0       0x40 graphic\string.obj
 .rdata$zzz     0x0000000000112010       0x40 memory\gdtidt.obj
 .rdata$.refptr.asmMouseHandler
                0x0000000000112050       0x10 memory\gdtidt.obj
                0x0000000000112050                .refptr.asmMouseHandler
 .rdata$.refptr.asmRtcHandler
                0x0000000000112060       0x10 memory\gdtidt.obj
                0x0000000000112060                .refptr.asmRtcHandler
 .rdata$.refptr.asmKeyboardHandler
                0x0000000000112070       0x10 memory\gdtidt.obj
                0x0000000000112070                .refptr.asmKeyboardHandler
 .rdata$.refptr.IDT
                0x0000000000112080       0x10 memory\gdtidt.obj
                0x0000000000112080                .refptr.IDT
 .rdata$.refptr.asmEmptyHandler
                0x0000000000112090       0x10 memory\gdtidt.obj
                0x0000000000112090                .refptr.asmEmptyHandler
 .rdata$.refptr.GDT
                0x00000000001120a0       0x10 memory\gdtidt.obj
                0x00000000001120a0                .refptr.GDT
 .rdata         0x00000000001120b0       0x10 memory\interrupt.obj
 .rdata$zzz     0x00000000001120c0       0x40 memory\interrupt.obj
 .rdata$.refptr.fifo
                0x0000000000112100       0x10 memory\interrupt.obj
                0x0000000000112100                .refptr.fifo
 .rdata$zzz     0x0000000000112110       0x40 memory\device.obj
 .rdata$zzz     0x0000000000112150       0x40 time\time.obj
 .rdata$zzz     0x0000000000112190       0x40 util\stdio.obj
 .rdata$zzz     0x00000000001121d0       0x40 util\fifo.obj
                0x0000000000112210                _bss_start = .
 *(.bss)
 .bss           0x0000000000112210        0x0 console\console.obj
 *fill*         0x0000000000112210       0x10 
 .bss           0x0000000000112220      0xc60 core\kernel.obj
                0x0000000000112220                mouse
                0x0000000000112240                fifo
                0x0000000000112460                console
 .bss           0x0000000000112e80        0x0 device\mouse.obj
 .bss           0x0000000000112e80        0x0 graphic\init.obj
 .bss           0x0000000000112e80        0x0 graphic\simple.obj
 .bss           0x0000000000112e80        0x0 graphic\string.obj
 .bss           0x0000000000112e80       0x10 memory\gdtidt.obj
                0x0000000000112e80                idtr
 .bss           0x0000000000112e90        0x0 memory\interrupt.obj
 *fill*         0x0000000000112e90       0x10 
 .bss           0x0000000000112ea0       0x40 memory\device.obj
                0x0000000000112ea0                str
 .bss           0x0000000000112ee0        0x0 time\time.obj
 .bss           0x0000000000112ee0        0x0 util\stdio.obj
 .bss           0x0000000000112ee0        0x0 util\fifo.obj
                0x0000000000112ee0                _bss_end = .
 *(.text.entry)
 *(.text*)
 *(.rodata*)
 *(.data*)
 *(.rdata*)
                0x0000000000112ee0                _bss_start = .
 *(.bss)
                0x0000000000112ee0                _bss_end = .

/DISCARD/
 *(.eh_frame)
 *(.eh_frame)
LOAD console\console.obj
LOAD core\entry.obj
LOAD core\kernel.obj
LOAD device\mouse.obj
LOAD graphic\init.obj
LOAD graphic\simple.obj
LOAD graphic\string.obj
LOAD memory\asm_gdtidt.obj
LOAD memory\gdtidt.obj
LOAD memory\interrupt.obj
LOAD memory\asm_interrupt.obj
LOAD memory\device.obj
LOAD time\time.obj
LOAD util\asmfunc.obj
LOAD util\stdio.obj
LOAD util\fifo.obj
LOAD scripts\kernel.ld
OUTPUT(kernel.exe pei-x86-64)
