
Memory Configuration

Name             Origin             Length             Attributes
HEAD             0x0000000000000000 0x00000000000e1000 xr
BODY             0x0000000000110000 0x0000000008000000 xr
*default*        0x0000000000000000 0xffffffffffffffff

Linker script and memory map

                0x0000000000400000                __image_base__ = 0x400000
                0x0000000000000000                __dll__ = 0x0
                0x0000000000400000                __ImageBase = 0x400000
                0x0000000000001000                __section_alignment__ = 0x1000
                0x0000000000000200                __file_alignment__ = 0x200
                0x0000000000000004                __major_os_version__ = 0x4
                0x0000000000000000                __minor_os_version__ = 0x0
                0x0000000000000000                __major_image_version__ = 0x0
                0x0000000000000000                __minor_image_version__ = 0x0
                0x0000000000000005                __major_subsystem_version__ = 0x5
                0x0000000000000002                __minor_subsystem_version__ = 0x2
                0x0000000000000003                __subsystem__ = 0x3
                0x0000000000200000                __size_of_stack_reserve__ = 0x200000
                0x0000000000001000                __size_of_stack_commit__ = 0x1000
                0x0000000000100000                __size_of_heap_reserve__ = 0x100000
                0x0000000000001000                __size_of_heap_commit__ = 0x1000
                0x0000000000000000                __loader_flags__ = 0x0
                0x0000000000000000                __dll_characteristics__ = 0x0

.xdata          0x0000000000000000      0x200
 .xdata         0x0000000000000000       0x40 kernel.obj

.pdata          0x0000000000001000      0x200
 .pdata         0x0000000000001000       0x48 kernel.obj

.body           0x0000000000110000      0xc00
 *(.text.top)
 .text.top      0x0000000000110000        0x8 entry.obj
                0x0000000000110000                _start
 *(.text*)
 *fill*         0x0000000000110008        0x8 
 .text          0x0000000000110010        0x0 entry.obj
 .text          0x0000000000110010      0x4d0 kernel.obj
                0x0000000000110010                initGraphic
                0x0000000000110012                drawRectangle
                0x0000000000110094                drawCircle
                0x000000000011014f                drawCharacter
                0x00000000001103d3                drawString
                0x0000000000110449                kernel_main
 *(.rodata*)
 *(.data*)
 .data          0x00000000001104e0      0x620 kernel.obj
                0x00000000001104e0                gInfo
                0x0000000000110500                _fonts
 *(.rdata*)
 .rdata         0x0000000000110b00       0x30 kernel.obj
 .rdata$zzz     0x0000000000110b30       0x40 kernel.obj
                0x0000000000110b70                _bss_start = .
 *(.bss)
 .bss           0x0000000000110b70        0x0 kernel.obj
                0x0000000000110b70                _bss_end = .
 *(.text.top)
 *(.text*)
 *(.rodata*)
 *(.data*)
 *(.rdata*)
                0x0000000000110b70                _bss_start = .
 *(.bss)
                0x0000000000110b70                _bss_end = .

/DISCARD/
 *(.eh_frame)
 *(.eh_frame)
LOAD entry.obj
LOAD kernel.obj
LOAD scripts\kernel.ld
OUTPUT(kernel.exe pei-x86-64)
