
Discarded input sections

 .rdata$.refptr.gInfo
                0x0000000000000000       0x10 graphic\simple.obj
 .rdata$.refptr.gInfo
                0x0000000000000000       0x10 graphic\string.obj

Memory Configuration

Name             Origin             Length             Attributes
HEAD             0x0000000000000000 0x00000000000f7800 xr
BODY             0x0000000000110000 0x0000000008000000 xr
*default*        0x0000000000000000 0xffffffffffffffff

Linker script and memory map

                0x0000000000400000                __image_base__ = 0x400000
                0x0000000000000000                __dll__ = 0x0
                0x0000000000400000                __ImageBase = 0x400000
                0x0000000000001000                __section_alignment__ = 0x1000
                0x0000000000000200                __file_alignment__ = 0x200
                0x0000000000000004                __major_os_version__ = 0x4
                0x0000000000000000                __minor_os_version__ = 0x0
                0x0000000000000000                __major_image_version__ = 0x0
                0x0000000000000000                __minor_image_version__ = 0x0
                0x0000000000000005                __major_subsystem_version__ = 0x5
                0x0000000000000002                __minor_subsystem_version__ = 0x2
                0x0000000000000003                __subsystem__ = 0x3
                0x0000000000200000                __size_of_stack_reserve__ = 0x200000
                0x0000000000001000                __size_of_stack_commit__ = 0x1000
                0x0000000000100000                __size_of_heap_reserve__ = 0x100000
                0x0000000000001000                __size_of_heap_commit__ = 0x1000
                0x0000000000000000                __loader_flags__ = 0x0
                0x0000000000000000                __dll_characteristics__ = 0x0

.xdata          0x0000000000000000      0x400
 .xdata         0x0000000000000000       0x50 console\console.obj
 .xdata         0x0000000000000050       0x18 core\kernel.obj
 .xdata         0x0000000000000068       0x28 device\mouse.obj
 .xdata         0x0000000000000090        0x4 graphic\init.obj
 .xdata         0x0000000000000094       0x20 graphic\simple.obj
 .xdata         0x00000000000000b4       0x18 graphic\string.obj
 .xdata         0x00000000000000cc       0x30 memory\gdtidt.obj
 .xdata         0x00000000000000fc       0x24 memory\interrupt.obj
 .xdata         0x0000000000000120       0x30 memory\device.obj
 .xdata         0x0000000000000150       0xe4 memory\fault.obj
 .xdata         0x0000000000000234       0x24 memory\paging.obj
 .xdata         0x0000000000000258       0x2c time\time.obj
 .xdata         0x0000000000000284        0xc util\stdio.obj
 .xdata         0x0000000000000290       0x20 util\fifo.obj

.pdata          0x0000000000001000      0x400
 .pdata         0x0000000000001000       0x54 console\console.obj
 .pdata         0x0000000000001054       0x18 core\kernel.obj
 .pdata         0x000000000000106c       0x30 device\mouse.obj
 .pdata         0x000000000000109c        0xc graphic\init.obj
 .pdata         0x00000000000010a8       0x24 graphic\simple.obj
 .pdata         0x00000000000010cc       0x18 graphic\string.obj
 .pdata         0x00000000000010e4       0x30 memory\gdtidt.obj
 .pdata         0x0000000000001114       0x24 memory\interrupt.obj
 .pdata         0x0000000000001138       0x30 memory\device.obj
 .pdata         0x0000000000001168       0xe4 memory\fault.obj
 .pdata         0x000000000000124c       0x24 memory\paging.obj
 .pdata         0x0000000000001270       0x30 time\time.obj
 .pdata         0x00000000000012a0        0xc util\stdio.obj
 .pdata         0x00000000000012ac       0x24 util\fifo.obj

.body           0x0000000000110000     0x4200
 *(.text.entry)
 .text.entry    0x0000000000110000        0x8 core\entry.obj
                0x0000000000110000                _start
 *(.text*)
 *fill*         0x0000000000110008        0x8 
 .text          0x0000000000110010      0x2f0 console\console.obj
                0x0000000000110010                initConsole
                0x0000000000110052                inputConsole
                0x00000000001100e1                nLineConsole
                0x0000000000110136                slideConsole
                0x00000000001101e4                clearConsole
                0x0000000000110200                drawConsole
                0x00000000001102cc                printConsole
 .text          0x0000000000110300        0x0 core\entry.obj
 .text          0x0000000000110300      0x400 core\kernel.obj
                0x0000000000110300                kernel_init
                0x0000000000110385                kernel_main
 .text          0x0000000000110700      0x2b0 device\mouse.obj
                0x0000000000110700                initMouseInfo
                0x0000000000110775                inputMouseInfo
                0x00000000001107ce                decodeMouseInfo
                0x00000000001108e2                drawMouse
 .text          0x00000000001109b0       0x10 graphic\init.obj
                0x00000000001109b0                initGraphic
 .text          0x00000000001109c0      0x1a0 graphic\simple.obj
                0x00000000001109c0                drawPoint
                0x0000000000110a0a                drawRectangle
                0x0000000000110a92                drawCircle
 .text          0x0000000000110b60      0x320 graphic\string.obj
                0x0000000000110b60                drawCharacter
                0x0000000000110e0b                drawString
 .text          0x0000000000110e80       0x85 memory\asm_gdtidt.obj
                0x0000000000110e80                loadGdt
                0x0000000000110ebc                main_label
                0x0000000000110ec2                loadIdt
                0x0000000000110ee1                setPaging
 *fill*         0x0000000000110f05        0xb 
 .text          0x0000000000110f10      0x5f0 memory\gdtidt.obj
                0x0000000000110f10                initGdt
                0x0000000000110f6b                initIdt
                0x00000000001113e8                initPic
                0x000000000011148d                makeGateDescriptor
 .text          0x0000000000111500       0xd0 memory\interrupt.obj
                0x0000000000111500                timerHandler
                0x0000000000111535                keyboardHandler
                0x0000000000111578                mouseHandler
 .text          0x00000000001115d0       0x3f memory\asm_interrupt.obj
                0x00000000001115d0                asmTimerHandler
                0x00000000001115e5                asmKeyboardHandler
                0x00000000001115fa                asmMouseHandler
 *fill*         0x000000000011160f        0x1 
 .text          0x0000000000111610       0xd0 memory\device.obj
                0x0000000000111610                initTimer
                0x000000000011164c                initKeyBoard
                0x0000000000111683                waitKeyboardSendReady
                0x00000000001116a9                initMouse
 .text          0x00000000001116e0      0x169 memory\asm_fault.obj
                0x00000000001116e0                asmEmptyHandler
                0x00000000001116f3                asmDeHandler
                0x0000000000111706                asmDbHandler
                0x0000000000111719                asmNmiHandler
                0x000000000011172c                asmBpHandler
                0x000000000011173f                asmOfHandler
                0x0000000000111752                asmBrHandler
                0x0000000000111765                asmUdHandler
                0x0000000000111778                asmNmHandler
                0x000000000011178b                asmDfHandler
                0x000000000011179e                asmTsHandler
                0x00000000001117b1                asmNpHandler
                0x00000000001117c4                asmSsHandler
                0x00000000001117d7                asmGpHandler
                0x00000000001117ea                asmPfHandler
                0x00000000001117fd                asmMfHandler
                0x0000000000111810                asmAcHandler
                0x0000000000111823                asmMcHandler
                0x0000000000111836                asmXmHandler
 *fill*         0x0000000000111849        0x7 
 .text          0x0000000000111850      0x2f0 memory\fault.obj
                0x0000000000111850                emptyHandler
                0x0000000000111877                deHandler
                0x000000000011189e                dbHandler
                0x00000000001118c5                nmiHandler
                0x00000000001118ec                bpHandler
                0x0000000000111913                ofHandler
                0x000000000011193a                brHandler
                0x0000000000111961                udHandler
                0x0000000000111988                nmHandler
                0x00000000001119af                dfHandler
                0x00000000001119d6                tsHandler
                0x00000000001119fd                npHandler
                0x0000000000111a24                ssHandler
                0x0000000000111a4b                gpHandler
                0x0000000000111a72                pfHandler
                0x0000000000111a99                mfHandler
                0x0000000000111ac0                acHandler
                0x0000000000111ae7                mcHandler
                0x0000000000111b0e                xmHandler
 .text          0x0000000000111b40      0x2b0 memory\paging.obj
                0x0000000000111b40                initPaging
                0x0000000000111c97                allocatePage
                0x0000000000111d4d                freePage
 .text          0x0000000000111df0      0x1d0 time\time.obj
                0x0000000000111df0                updateRtc
                0x0000000000111e25                getTime
                0x0000000000111f62                getTimeData
                0x0000000000111f8f                changeTimeData
 .text          0x0000000000111fc0       0x3e util\asmfunc.obj
                0x0000000000111fc0                io_cli
                0x0000000000111fc2                io_sti
                0x0000000000111fc4                io_hlt
                0x0000000000111fc6                getCR0
                0x0000000000111fca                setCR0
                0x0000000000111fd1                getCR3
                0x0000000000111fd5                setCR3
                0x0000000000111fdc                getCR4
                0x0000000000111fe0                setCR4
                0x0000000000111fe7                io_in8
                0x0000000000111fed                io_in32
                0x0000000000111ff2                io_out8
                0x0000000000111ff8                io_out32
 *fill*         0x0000000000111ffe        0x2 
 .text          0x0000000000112000      0x2e0 util\stdio.obj
                0x0000000000112000                sprintf
 .text          0x00000000001122e0      0x160 util\fifo.obj
                0x00000000001122e0                initFIFO
                0x0000000000112339                putFIFO
                0x00000000001123ae                getFIFO
 *(.rodata*)
 *(.data*)
 .data          0x0000000000112440        0x0 console\console.obj
 .data          0x0000000000112440       0x20 core\kernel.obj
                0x0000000000112440                gInfo
                0x0000000000112448                GDT
                0x0000000000112450                IDT
 .data          0x0000000000112460       0xe0 device\mouse.obj
                0x0000000000112460                cursor
 .data          0x0000000000112540        0x0 graphic\init.obj
 .data          0x0000000000112540        0x0 graphic\simple.obj
 .data          0x0000000000112540      0x600 graphic\string.obj
                0x0000000000112540                _fonts
 .data          0x0000000000112b40        0x0 memory\gdtidt.obj
 .data          0x0000000000112b40        0x0 memory\interrupt.obj
 .data          0x0000000000112b40        0x0 memory\device.obj
 .data          0x0000000000112b40        0x0 memory\fault.obj
 .data          0x0000000000112b40        0x0 memory\paging.obj
 .data          0x0000000000112b40        0x0 time\time.obj
 .data          0x0000000000112b40        0x0 util\stdio.obj
 .data          0x0000000000112b40        0x0 util\fifo.obj
 *(.rdata*)
 .rdata$zzz     0x0000000000112b40       0x40 console\console.obj
 .rdata         0x0000000000112b80       0x80 core\kernel.obj
 .rdata$zzz     0x0000000000112c00       0x40 core\kernel.obj
 .rdata$zzz     0x0000000000112c40       0x40 device\mouse.obj
 .rdata$.refptr.gInfo
                0x0000000000112c80       0x10 device\mouse.obj
                0x0000000000112c80                .refptr.gInfo
 .rdata$zzz     0x0000000000112c90       0x40 graphic\init.obj
 .rdata$zzz     0x0000000000112cd0       0x40 graphic\simple.obj
 .rdata$zzz     0x0000000000112d10       0x40 graphic\string.obj
 .rdata$zzz     0x0000000000112d50       0x40 memory\gdtidt.obj
 .rdata$.refptr.asmMouseHandler
                0x0000000000112d90       0x10 memory\gdtidt.obj
                0x0000000000112d90                .refptr.asmMouseHandler
 .rdata$.refptr.asmKeyboardHandler
                0x0000000000112da0       0x10 memory\gdtidt.obj
                0x0000000000112da0                .refptr.asmKeyboardHandler
 .rdata$.refptr.asmTimerHandler
                0x0000000000112db0       0x10 memory\gdtidt.obj
                0x0000000000112db0                .refptr.asmTimerHandler
 .rdata$.refptr.asmXmHandler
                0x0000000000112dc0       0x10 memory\gdtidt.obj
                0x0000000000112dc0                .refptr.asmXmHandler
 .rdata$.refptr.asmMcHandler
                0x0000000000112dd0       0x10 memory\gdtidt.obj
                0x0000000000112dd0                .refptr.asmMcHandler
 .rdata$.refptr.asmAcHandler
                0x0000000000112de0       0x10 memory\gdtidt.obj
                0x0000000000112de0                .refptr.asmAcHandler
 .rdata$.refptr.asmMfHandler
                0x0000000000112df0       0x10 memory\gdtidt.obj
                0x0000000000112df0                .refptr.asmMfHandler
 .rdata$.refptr.asmPfHandler
                0x0000000000112e00       0x10 memory\gdtidt.obj
                0x0000000000112e00                .refptr.asmPfHandler
 .rdata$.refptr.asmGpHandler
                0x0000000000112e10       0x10 memory\gdtidt.obj
                0x0000000000112e10                .refptr.asmGpHandler
 .rdata$.refptr.asmSsHandler
                0x0000000000112e20       0x10 memory\gdtidt.obj
                0x0000000000112e20                .refptr.asmSsHandler
 .rdata$.refptr.asmNpHandler
                0x0000000000112e30       0x10 memory\gdtidt.obj
                0x0000000000112e30                .refptr.asmNpHandler
 .rdata$.refptr.asmTsHandler
                0x0000000000112e40       0x10 memory\gdtidt.obj
                0x0000000000112e40                .refptr.asmTsHandler
 .rdata$.refptr.asmDfHandler
                0x0000000000112e50       0x10 memory\gdtidt.obj
                0x0000000000112e50                .refptr.asmDfHandler
 .rdata$.refptr.asmNmHandler
                0x0000000000112e60       0x10 memory\gdtidt.obj
                0x0000000000112e60                .refptr.asmNmHandler
 .rdata$.refptr.asmUdHandler
                0x0000000000112e70       0x10 memory\gdtidt.obj
                0x0000000000112e70                .refptr.asmUdHandler
 .rdata$.refptr.asmBrHandler
                0x0000000000112e80       0x10 memory\gdtidt.obj
                0x0000000000112e80                .refptr.asmBrHandler
 .rdata$.refptr.asmOfHandler
                0x0000000000112e90       0x10 memory\gdtidt.obj
                0x0000000000112e90                .refptr.asmOfHandler
 .rdata$.refptr.asmBpHandler
                0x0000000000112ea0       0x10 memory\gdtidt.obj
                0x0000000000112ea0                .refptr.asmBpHandler
 .rdata$.refptr.asmNmiHandler
                0x0000000000112eb0       0x10 memory\gdtidt.obj
                0x0000000000112eb0                .refptr.asmNmiHandler
 .rdata$.refptr.asmDbHandler
                0x0000000000112ec0       0x10 memory\gdtidt.obj
                0x0000000000112ec0                .refptr.asmDbHandler
 .rdata$.refptr.asmDeHandler
                0x0000000000112ed0       0x10 memory\gdtidt.obj
                0x0000000000112ed0                .refptr.asmDeHandler
 .rdata$.refptr.IDT
                0x0000000000112ee0       0x10 memory\gdtidt.obj
                0x0000000000112ee0                .refptr.IDT
 .rdata$.refptr.asmEmptyHandler
                0x0000000000112ef0       0x10 memory\gdtidt.obj
                0x0000000000112ef0                .refptr.asmEmptyHandler
 .rdata$.refptr.GDT
                0x0000000000112f00       0x10 memory\gdtidt.obj
                0x0000000000112f00                .refptr.GDT
 .rdata$zzz     0x0000000000112f10       0x40 memory\interrupt.obj
 .rdata$.refptr.fifo
                0x0000000000112f50       0x10 memory\interrupt.obj
                0x0000000000112f50                .refptr.fifo
 .rdata$zzz     0x0000000000112f60       0x40 memory\device.obj
 .rdata         0x0000000000112fa0      0x160 memory\fault.obj
 .rdata$zzz     0x0000000000113100       0x40 memory\fault.obj
 .rdata$.refptr.console
                0x0000000000113140       0x10 memory\fault.obj
                0x0000000000113140                .refptr.console
 .rdata$zzz     0x0000000000113150       0x40 memory\paging.obj
 .rdata$zzz     0x0000000000113190       0x40 time\time.obj
 .rdata$zzz     0x00000000001131d0       0x40 util\stdio.obj
 .rdata$zzz     0x0000000000113210       0x40 util\fifo.obj
                0x0000000000113250                _bss_start = .
 *(.bss)
 .bss           0x0000000000113250        0x0 console\console.obj
 *fill*         0x0000000000113250       0x10 
 .bss           0x0000000000113260      0xc60 core\kernel.obj
                0x0000000000113260                mouse
                0x0000000000113280                fifo
                0x00000000001134a0                console
 .bss           0x0000000000113ec0        0x0 device\mouse.obj
 .bss           0x0000000000113ec0        0x0 graphic\init.obj
 .bss           0x0000000000113ec0        0x0 graphic\simple.obj
 .bss           0x0000000000113ec0        0x0 graphic\string.obj
 .bss           0x0000000000113ec0       0x10 memory\gdtidt.obj
                0x0000000000113ec0                idtr
 .bss           0x0000000000113ed0        0x0 memory\interrupt.obj
 *fill*         0x0000000000113ed0       0x10 
 .bss           0x0000000000113ee0       0x40 memory\device.obj
                0x0000000000113ee0                str
 .bss           0x0000000000113f20        0x0 memory\fault.obj
 .bss           0x0000000000113f20      0x140 memory\paging.obj
 .bss           0x0000000000114060        0x0 time\time.obj
 .bss           0x0000000000114060        0x0 util\stdio.obj
 .bss           0x0000000000114060        0x0 util\fifo.obj
                0x0000000000114060                _bss_end = .
 *(.text.entry)
 *(.text*)
 *(.rodata*)
 *(.data*)
 *(.rdata*)
                0x0000000000114060                _bss_start = .
 *(.bss)
                0x0000000000114060                _bss_end = .

/DISCARD/
 *(.eh_frame)
 *(.eh_frame)
LOAD console\console.obj
LOAD core\entry.obj
LOAD core\kernel.obj
LOAD device\mouse.obj
LOAD graphic\init.obj
LOAD graphic\simple.obj
LOAD graphic\string.obj
LOAD memory\asm_gdtidt.obj
LOAD memory\gdtidt.obj
LOAD memory\interrupt.obj
LOAD memory\asm_interrupt.obj
LOAD memory\device.obj
LOAD memory\asm_fault.obj
LOAD memory\fault.obj
LOAD memory\paging.obj
LOAD time\time.obj
LOAD util\asmfunc.obj
LOAD util\stdio.obj
LOAD util\fifo.obj
LOAD scripts\kernel.ld
OUTPUT(kernel.exe pei-x86-64)
