
Discarded input sections

 .rdata$.refptr.console
                0x0000000000000000       0x10 device\sata.obj
 .rdata$.refptr.hbaMemory
                0x0000000000000000       0x10 device\sata.obj
 .rdata$.refptr.gInfo
                0x0000000000000000       0x10 graphic\simple.obj
 .rdata$.refptr.gInfo
                0x0000000000000000       0x10 graphic\string.obj
 .rdata$.refptr.console
                0x0000000000000000       0x10 memory\fault.obj

Memory Configuration

Name             Origin             Length             Attributes
HEAD             0x0000000000000000 0x00000000000f7800 xr
BODY             0x0000000000110000 0x0000000008000000 xr
*default*        0x0000000000000000 0xffffffffffffffff

Linker script and memory map

                0x0000000000400000                __image_base__ = 0x400000
                0x0000000000000000                __dll__ = 0x0
                0x0000000000400000                __ImageBase = 0x400000
                0x0000000000001000                __section_alignment__ = 0x1000
                0x0000000000000200                __file_alignment__ = 0x200
                0x0000000000000004                __major_os_version__ = 0x4
                0x0000000000000000                __minor_os_version__ = 0x0
                0x0000000000000000                __major_image_version__ = 0x0
                0x0000000000000000                __minor_image_version__ = 0x0
                0x0000000000000005                __major_subsystem_version__ = 0x5
                0x0000000000000002                __minor_subsystem_version__ = 0x2
                0x0000000000000003                __subsystem__ = 0x3
                0x0000000000200000                __size_of_stack_reserve__ = 0x200000
                0x0000000000001000                __size_of_stack_commit__ = 0x1000
                0x0000000000100000                __size_of_heap_reserve__ = 0x100000
                0x0000000000001000                __size_of_heap_commit__ = 0x1000
                0x0000000000000000                __loader_flags__ = 0x0
                0x0000000000000000                __dll_characteristics__ = 0x0

.xdata          0x0000000000000000      0x400
 .xdata         0x0000000000000000       0x50 console\console.obj
 .xdata         0x0000000000000050       0x18 core\kernel.obj
 .xdata         0x0000000000000068       0x28 device\mouse.obj
 .xdata         0x0000000000000090       0x3c device\ahci.obj
 .xdata         0x00000000000000cc       0x78 device\sata.obj
 .xdata         0x0000000000000144        0x4 graphic\init.obj
 .xdata         0x0000000000000148       0x20 graphic\simple.obj
 .xdata         0x0000000000000168       0x18 graphic\string.obj
 .xdata         0x0000000000000180       0x30 memory\gdtidt.obj
 .xdata         0x00000000000001b0       0x24 memory\interrupt.obj
 .xdata         0x00000000000001d4       0x30 memory\device.obj
 .xdata         0x0000000000000204       0xe4 memory\fault.obj
 .xdata         0x00000000000002e8       0x24 memory\paging.obj
 .xdata         0x000000000000030c       0x2c time\time.obj
 .xdata         0x0000000000000338        0xc util\stdio.obj
 .xdata         0x0000000000000344       0x30 util\string.obj
 .xdata         0x0000000000000374       0x20 util\fifo.obj

.pdata          0x0000000000001000      0x400
 .pdata         0x0000000000001000       0x54 console\console.obj
 .pdata         0x0000000000001054       0x18 core\kernel.obj
 .pdata         0x000000000000106c       0x30 device\mouse.obj
 .pdata         0x000000000000109c       0x3c device\ahci.obj
 .pdata         0x00000000000010d8       0x78 device\sata.obj
 .pdata         0x0000000000001150        0xc graphic\init.obj
 .pdata         0x000000000000115c       0x24 graphic\simple.obj
 .pdata         0x0000000000001180       0x18 graphic\string.obj
 .pdata         0x0000000000001198       0x30 memory\gdtidt.obj
 .pdata         0x00000000000011c8       0x24 memory\interrupt.obj
 .pdata         0x00000000000011ec       0x30 memory\device.obj
 .pdata         0x000000000000121c       0xe4 memory\fault.obj
 .pdata         0x0000000000001300       0x24 memory\paging.obj
 .pdata         0x0000000000001324       0x30 time\time.obj
 .pdata         0x0000000000001354        0xc util\stdio.obj
 .pdata         0x0000000000001360       0x30 util\string.obj
 .pdata         0x0000000000001390       0x24 util\fifo.obj

.body           0x0000000000110000   0x10f800
 *(.text.entry)
 .text.entry    0x0000000000110000        0x8 core\entry.obj
                0x0000000000110000                _start
 *(.text*)
 *fill*         0x0000000000110008        0x8 
 .text          0x0000000000110010      0x2f0 console\console.obj
                0x0000000000110010                initConsole
                0x0000000000110052                inputConsole
                0x00000000001100e1                nLineConsole
                0x0000000000110136                slideConsole
                0x00000000001101e4                clearConsole
                0x0000000000110200                drawConsole
                0x00000000001102cc                printConsole
 .text          0x0000000000110300        0x0 core\entry.obj
 .text          0x0000000000110300      0x350 core\kernel.obj
                0x0000000000110300                kernel_init
                0x0000000000110385                kernel_main
 .text          0x0000000000110650      0x2b0 device\mouse.obj
                0x0000000000110650                initMouseInfo
                0x00000000001106c5                inputMouseInfo
                0x000000000011071e                decodeMouseInfo
                0x0000000000110832                drawMouse
 .text          0x0000000000110900      0x560 device\ahci.obj
                0x0000000000110900                pciReadByte
                0x000000000011097f                pciReadWord
                0x00000000001109fe                pciReadDword
                0x0000000000110a6b                getPciInfo
                0x0000000000110ce2                detectPciDevices
 .text          0x0000000000110e60      0xb60 device\sata.obj
                0x0000000000110e60                initSata
                0x0000000000111185                findFreeCmdSlot
                0x00000000001111d4                buildCmdTbl
                0x000000000011140a                buildCmdHeader
                0x00000000001114c1                buildCmd
                0x0000000000111526                startSataCmd
                0x0000000000111589                stopSataCmd
                0x00000000001115e9                sataRead
                0x00000000001116be                sataWrite
                0x00000000001117eb                checkSataPort
 .text          0x00000000001119c0       0x10 graphic\init.obj
                0x00000000001119c0                initGraphic
 .text          0x00000000001119d0      0x1a0 graphic\simple.obj
                0x00000000001119d0                drawPoint
                0x0000000000111a1a                drawRectangle
                0x0000000000111aa2                drawCircle
 .text          0x0000000000111b70      0x320 graphic\string.obj
                0x0000000000111b70                drawCharacter
                0x0000000000111e1b                drawString
 .text          0x0000000000111e90       0x85 memory\asm_gdtidt.obj
                0x0000000000111e90                loadGdt
                0x0000000000111ecc                main_label
                0x0000000000111ed2                loadIdt
                0x0000000000111ef1                setPaging
 *fill*         0x0000000000111f15        0xb 
 .text          0x0000000000111f20      0x5f0 memory\gdtidt.obj
                0x0000000000111f20                initGdt
                0x0000000000111f7b                initIdt
                0x00000000001123f8                initPic
                0x000000000011249d                makeGateDescriptor
 .text          0x0000000000112510       0xd0 memory\interrupt.obj
                0x0000000000112510                timerHandler
                0x0000000000112545                keyboardHandler
                0x0000000000112588                mouseHandler
 .text          0x00000000001125e0       0x3f memory\asm_interrupt.obj
                0x00000000001125e0                asmTimerHandler
                0x00000000001125f5                asmKeyboardHandler
                0x000000000011260a                asmMouseHandler
 *fill*         0x000000000011261f        0x1 
 .text          0x0000000000112620       0xd0 memory\device.obj
                0x0000000000112620                initTimer
                0x000000000011265c                initKeyBoard
                0x0000000000112693                waitKeyboardSendReady
                0x00000000001126b9                initMouse
 .text          0x00000000001126f0      0x169 memory\asm_fault.obj
                0x00000000001126f0                asmEmptyHandler
                0x0000000000112703                asmDeHandler
                0x0000000000112716                asmDbHandler
                0x0000000000112729                asmNmiHandler
                0x000000000011273c                asmBpHandler
                0x000000000011274f                asmOfHandler
                0x0000000000112762                asmBrHandler
                0x0000000000112775                asmUdHandler
                0x0000000000112788                asmNmHandler
                0x000000000011279b                asmDfHandler
                0x00000000001127ae                asmTsHandler
                0x00000000001127c1                asmNpHandler
                0x00000000001127d4                asmSsHandler
                0x00000000001127e7                asmGpHandler
                0x00000000001127fa                asmPfHandler
                0x000000000011280d                asmMfHandler
                0x0000000000112820                asmAcHandler
                0x0000000000112833                asmMcHandler
                0x0000000000112846                asmXmHandler
 *fill*         0x0000000000112859        0x7 
 .text          0x0000000000112860      0x2f0 memory\fault.obj
                0x0000000000112860                emptyHandler
                0x0000000000112887                deHandler
                0x00000000001128ae                dbHandler
                0x00000000001128d5                nmiHandler
                0x00000000001128fc                bpHandler
                0x0000000000112923                ofHandler
                0x000000000011294a                brHandler
                0x0000000000112971                udHandler
                0x0000000000112998                nmHandler
                0x00000000001129bf                dfHandler
                0x00000000001129e6                tsHandler
                0x0000000000112a0d                npHandler
                0x0000000000112a34                ssHandler
                0x0000000000112a5b                gpHandler
                0x0000000000112a82                pfHandler
                0x0000000000112aa9                mfHandler
                0x0000000000112ad0                acHandler
                0x0000000000112af7                mcHandler
                0x0000000000112b1e                xmHandler
 .text          0x0000000000112b50      0x2b0 memory\paging.obj
                0x0000000000112b50                initPaging
                0x0000000000112ca7                allocatePage
                0x0000000000112d5d                freePage
 .text          0x0000000000112e00      0x1d0 time\time.obj
                0x0000000000112e00                updateRtc
                0x0000000000112e35                getTime
                0x0000000000112f72                getTimeData
                0x0000000000112f9f                changeTimeData
 .text          0x0000000000112fd0       0x3e util\asmfunc.obj
                0x0000000000112fd0                io_cli
                0x0000000000112fd2                io_sti
                0x0000000000112fd4                io_hlt
                0x0000000000112fd6                getCR0
                0x0000000000112fda                setCR0
                0x0000000000112fe1                getCR3
                0x0000000000112fe5                setCR3
                0x0000000000112fec                getCR4
                0x0000000000112ff0                setCR4
                0x0000000000112ff7                io_in8
                0x0000000000112ffd                io_in32
                0x0000000000113002                io_out8
                0x0000000000113008                io_out32
 *fill*         0x000000000011300e        0x2 
 .text          0x0000000000113010      0x2e0 util\stdio.obj
                0x0000000000113010                sprintf
 .text          0x00000000001132f0      0x1a0 util\string.obj
                0x00000000001132f0                memset
                0x0000000000113340                strlen
                0x0000000000113375                strcmp
                0x0000000000113406                strncmp
 .text          0x0000000000113490      0x160 util\fifo.obj
                0x0000000000113490                initFIFO
                0x00000000001134e9                putFIFO
                0x000000000011355e                getFIFO
 *(.rodata*)
 *(.data*)
 .data          0x00000000001135f0        0x0 console\console.obj
 .data          0x00000000001135f0       0x20 core\kernel.obj
                0x00000000001135f0                gInfo
                0x00000000001135f8                GDT
                0x0000000000113600                IDT
 *fill*         0x0000000000113610       0x10 
 .data          0x0000000000113620       0xe0 device\mouse.obj
                0x0000000000113620                cursor
 .data          0x0000000000113700        0x0 device\ahci.obj
 .data          0x0000000000113700        0x0 device\sata.obj
 .data          0x0000000000113700        0x0 graphic\init.obj
 .data          0x0000000000113700        0x0 graphic\simple.obj
 .data          0x0000000000113700      0x600 graphic\string.obj
                0x0000000000113700                _fonts
 .data          0x0000000000113d00        0x0 memory\gdtidt.obj
 .data          0x0000000000113d00        0x0 memory\interrupt.obj
 .data          0x0000000000113d00        0x0 memory\device.obj
 .data          0x0000000000113d00        0x0 memory\fault.obj
 .data          0x0000000000113d00        0x0 memory\paging.obj
 .data          0x0000000000113d00        0x0 time\time.obj
 .data          0x0000000000113d00        0x0 util\stdio.obj
 .data          0x0000000000113d00        0x0 util\string.obj
 .data          0x0000000000113d00        0x0 util\fifo.obj
 *(.rdata*)
 .rdata$zzz     0x0000000000113d00       0x40 console\console.obj
 .rdata         0x0000000000113d40       0x60 core\kernel.obj
 .rdata$zzz     0x0000000000113da0       0x40 core\kernel.obj
 .rdata$zzz     0x0000000000113de0       0x40 device\mouse.obj
 .rdata$.refptr.gInfo
                0x0000000000113e20       0x10 device\mouse.obj
                0x0000000000113e20                .refptr.gInfo
 .rdata         0x0000000000113e30       0x40 device\ahci.obj
 .rdata$zzz     0x0000000000113e70       0x40 device\ahci.obj
 .rdata$.refptr.hbaMemory
                0x0000000000113eb0       0x10 device\ahci.obj
                0x0000000000113eb0                .refptr.hbaMemory
 .rdata$.refptr.console
                0x0000000000113ec0       0x10 device\ahci.obj
                0x0000000000113ec0                .refptr.console
 .rdata         0x0000000000113ed0       0xf0 device\sata.obj
 .rdata$zzz     0x0000000000113fc0       0x40 device\sata.obj
 .rdata$zzz     0x0000000000114000       0x40 graphic\init.obj
 .rdata$zzz     0x0000000000114040       0x40 graphic\simple.obj
 .rdata$zzz     0x0000000000114080       0x40 graphic\string.obj
 .rdata$zzz     0x00000000001140c0       0x40 memory\gdtidt.obj
 .rdata$.refptr.asmMouseHandler
                0x0000000000114100       0x10 memory\gdtidt.obj
                0x0000000000114100                .refptr.asmMouseHandler
 .rdata$.refptr.asmKeyboardHandler
                0x0000000000114110       0x10 memory\gdtidt.obj
                0x0000000000114110                .refptr.asmKeyboardHandler
 .rdata$.refptr.asmTimerHandler
                0x0000000000114120       0x10 memory\gdtidt.obj
                0x0000000000114120                .refptr.asmTimerHandler
 .rdata$.refptr.asmXmHandler
                0x0000000000114130       0x10 memory\gdtidt.obj
                0x0000000000114130                .refptr.asmXmHandler
 .rdata$.refptr.asmMcHandler
                0x0000000000114140       0x10 memory\gdtidt.obj
                0x0000000000114140                .refptr.asmMcHandler
 .rdata$.refptr.asmAcHandler
                0x0000000000114150       0x10 memory\gdtidt.obj
                0x0000000000114150                .refptr.asmAcHandler
 .rdata$.refptr.asmMfHandler
                0x0000000000114160       0x10 memory\gdtidt.obj
                0x0000000000114160                .refptr.asmMfHandler
 .rdata$.refptr.asmPfHandler
                0x0000000000114170       0x10 memory\gdtidt.obj
                0x0000000000114170                .refptr.asmPfHandler
 .rdata$.refptr.asmGpHandler
                0x0000000000114180       0x10 memory\gdtidt.obj
                0x0000000000114180                .refptr.asmGpHandler
 .rdata$.refptr.asmSsHandler
                0x0000000000114190       0x10 memory\gdtidt.obj
                0x0000000000114190                .refptr.asmSsHandler
 .rdata$.refptr.asmNpHandler
                0x00000000001141a0       0x10 memory\gdtidt.obj
                0x00000000001141a0                .refptr.asmNpHandler
 .rdata$.refptr.asmTsHandler
                0x00000000001141b0       0x10 memory\gdtidt.obj
                0x00000000001141b0                .refptr.asmTsHandler
 .rdata$.refptr.asmDfHandler
                0x00000000001141c0       0x10 memory\gdtidt.obj
                0x00000000001141c0                .refptr.asmDfHandler
 .rdata$.refptr.asmNmHandler
                0x00000000001141d0       0x10 memory\gdtidt.obj
                0x00000000001141d0                .refptr.asmNmHandler
 .rdata$.refptr.asmUdHandler
                0x00000000001141e0       0x10 memory\gdtidt.obj
                0x00000000001141e0                .refptr.asmUdHandler
 .rdata$.refptr.asmBrHandler
                0x00000000001141f0       0x10 memory\gdtidt.obj
                0x00000000001141f0                .refptr.asmBrHandler
 .rdata$.refptr.asmOfHandler
                0x0000000000114200       0x10 memory\gdtidt.obj
                0x0000000000114200                .refptr.asmOfHandler
 .rdata$.refptr.asmBpHandler
                0x0000000000114210       0x10 memory\gdtidt.obj
                0x0000000000114210                .refptr.asmBpHandler
 .rdata$.refptr.asmNmiHandler
                0x0000000000114220       0x10 memory\gdtidt.obj
                0x0000000000114220                .refptr.asmNmiHandler
 .rdata$.refptr.asmDbHandler
                0x0000000000114230       0x10 memory\gdtidt.obj
                0x0000000000114230                .refptr.asmDbHandler
 .rdata$.refptr.asmDeHandler
                0x0000000000114240       0x10 memory\gdtidt.obj
                0x0000000000114240                .refptr.asmDeHandler
 .rdata$.refptr.IDT
                0x0000000000114250       0x10 memory\gdtidt.obj
                0x0000000000114250                .refptr.IDT
 .rdata$.refptr.asmEmptyHandler
                0x0000000000114260       0x10 memory\gdtidt.obj
                0x0000000000114260                .refptr.asmEmptyHandler
 .rdata$.refptr.GDT
                0x0000000000114270       0x10 memory\gdtidt.obj
                0x0000000000114270                .refptr.GDT
 .rdata$zzz     0x0000000000114280       0x40 memory\interrupt.obj
 .rdata$.refptr.fifo
                0x00000000001142c0       0x10 memory\interrupt.obj
                0x00000000001142c0                .refptr.fifo
 .rdata$zzz     0x00000000001142d0       0x40 memory\device.obj
 .rdata         0x0000000000114310      0x160 memory\fault.obj
 .rdata$zzz     0x0000000000114470       0x40 memory\fault.obj
 .rdata$zzz     0x00000000001144b0       0x40 memory\paging.obj
 .rdata$zzz     0x00000000001144f0       0x40 time\time.obj
 .rdata$zzz     0x0000000000114530       0x40 util\stdio.obj
 .rdata$zzz     0x0000000000114570       0x40 util\string.obj
 .rdata$zzz     0x00000000001145b0       0x40 util\fifo.obj
                0x00000000001145f0                _bss_start = .
 *(.bss)
 .bss           0x00000000001145f0        0x0 console\console.obj
 *fill*         0x00000000001145f0       0x10 
 .bss           0x0000000000114600      0xc60 core\kernel.obj
                0x0000000000114600                mouse
                0x0000000000114608                hbaMemory
                0x0000000000114620                fifo
                0x0000000000114840                console
 .bss           0x0000000000115260        0x0 device\mouse.obj
 .bss           0x0000000000115260        0x0 device\ahci.obj
 .bss           0x0000000000115260   0x10a280 device\sata.obj
 .bss           0x000000000021f4e0        0x0 graphic\init.obj
 .bss           0x000000000021f4e0        0x0 graphic\simple.obj
 .bss           0x000000000021f4e0        0x0 graphic\string.obj
 .bss           0x000000000021f4e0       0x10 memory\gdtidt.obj
                0x000000000021f4e0                idtr
 .bss           0x000000000021f4f0        0x0 memory\interrupt.obj
 *fill*         0x000000000021f4f0       0x10 
 .bss           0x000000000021f500       0x40 memory\device.obj
                0x000000000021f500                str
 .bss           0x000000000021f540        0x0 memory\fault.obj
 .bss           0x000000000021f540      0x140 memory\paging.obj
 .bss           0x000000000021f680        0x0 time\time.obj
 .bss           0x000000000021f680        0x0 util\stdio.obj
 .bss           0x000000000021f680        0x0 util\string.obj
 .bss           0x000000000021f680        0x0 util\fifo.obj
                0x000000000021f680                _bss_end = .
 *(.text.entry)
 *(.text*)
 *(.rodata*)
 *(.data*)
 *(.rdata*)
                0x000000000021f680                _bss_start = .
 *(.bss)
                0x000000000021f680                _bss_end = .

/DISCARD/
 *(.eh_frame)
 *(.eh_frame)
LOAD console\console.obj
LOAD core\entry.obj
LOAD core\kernel.obj
LOAD device\mouse.obj
LOAD device\ahci.obj
LOAD device\sata.obj
LOAD graphic\init.obj
LOAD graphic\simple.obj
LOAD graphic\string.obj
LOAD memory\asm_gdtidt.obj
LOAD memory\gdtidt.obj
LOAD memory\interrupt.obj
LOAD memory\asm_interrupt.obj
LOAD memory\device.obj
LOAD memory\asm_fault.obj
LOAD memory\fault.obj
LOAD memory\paging.obj
LOAD time\time.obj
LOAD util\asmfunc.obj
LOAD util\stdio.obj
LOAD util\string.obj
LOAD util\fifo.obj
LOAD scripts\kernel.ld
OUTPUT(kernel.exe pei-x86-64)
