
Discarded input sections

 .rdata$.refptr.gInfo
                0x0000000000000000       0x10 graphic\simple.obj
 .rdata$.refptr.gInfo
                0x0000000000000000       0x10 graphic\string.obj

Memory Configuration

Name             Origin             Length             Attributes
HEAD             0x0000000000000000 0x00000000000f7800 xr
BODY             0x0000000000110000 0x0000000008000000 xr
*default*        0x0000000000000000 0xffffffffffffffff

Linker script and memory map

                0x0000000000400000                __image_base__ = 0x400000
                0x0000000000000000                __dll__ = 0x0
                0x0000000000400000                __ImageBase = 0x400000
                0x0000000000001000                __section_alignment__ = 0x1000
                0x0000000000000200                __file_alignment__ = 0x200
                0x0000000000000004                __major_os_version__ = 0x4
                0x0000000000000000                __minor_os_version__ = 0x0
                0x0000000000000000                __major_image_version__ = 0x0
                0x0000000000000000                __minor_image_version__ = 0x0
                0x0000000000000005                __major_subsystem_version__ = 0x5
                0x0000000000000002                __minor_subsystem_version__ = 0x2
                0x0000000000000003                __subsystem__ = 0x3
                0x0000000000200000                __size_of_stack_reserve__ = 0x200000
                0x0000000000001000                __size_of_stack_commit__ = 0x1000
                0x0000000000100000                __size_of_heap_reserve__ = 0x100000
                0x0000000000001000                __size_of_heap_commit__ = 0x1000
                0x0000000000000000                __loader_flags__ = 0x0
                0x0000000000000000                __dll_characteristics__ = 0x0

.xdata          0x0000000000000000      0x200
 .xdata         0x0000000000000000       0x44 console\console.obj
 .xdata         0x0000000000000044       0x18 core\kernel.obj
 .xdata         0x000000000000005c       0x28 device\mouse.obj
 .xdata         0x0000000000000084        0x4 graphic\init.obj
 .xdata         0x0000000000000088       0x20 graphic\simple.obj
 .xdata         0x00000000000000a8       0x18 graphic\string.obj
 .xdata         0x00000000000000c0       0x30 memory\gdtidt.obj
 .xdata         0x00000000000000f0       0x24 memory\interrupt.obj
 .xdata         0x0000000000000114       0x24 memory\device.obj
 .xdata         0x0000000000000138        0xc util\stdio.obj
 .xdata         0x0000000000000144       0x20 util\fifo.obj

.pdata          0x0000000000001000      0x200
 .pdata         0x0000000000001000       0x48 console\console.obj
 .pdata         0x0000000000001048       0x18 core\kernel.obj
 .pdata         0x0000000000001060       0x30 device\mouse.obj
 .pdata         0x0000000000001090        0xc graphic\init.obj
 .pdata         0x000000000000109c       0x24 graphic\simple.obj
 .pdata         0x00000000000010c0       0x18 graphic\string.obj
 .pdata         0x00000000000010d8       0x30 memory\gdtidt.obj
 .pdata         0x0000000000001108       0x24 memory\interrupt.obj
 .pdata         0x000000000000112c       0x24 memory\device.obj
 .pdata         0x0000000000001150        0xc util\stdio.obj
 .pdata         0x000000000000115c       0x24 util\fifo.obj

.body           0x0000000000110000     0x2c00
 *(.text.entry)
 .text.entry    0x0000000000110000        0x8 core\entry.obj
                0x0000000000110000                _start
 *(.text*)
 *fill*         0x0000000000110008        0x8 
 .text          0x0000000000110010      0x2c0 console\console.obj
                0x0000000000110010                initConsole
                0x0000000000110052                inputConsole
                0x00000000001100e1                nLineConsole
                0x0000000000110136                slideConsole
                0x00000000001101e4                clearConsole
                0x0000000000110200                drawConsole
 .text          0x00000000001102d0        0x0 core\entry.obj
 .text          0x00000000001102d0      0x260 core\kernel.obj
                0x00000000001102d0                kernel_init
                0x0000000000110355                kernel_main
 .text          0x0000000000110530      0x2c0 device\mouse.obj
                0x0000000000110530                initMouseInfo
                0x00000000001105a5                inputMouseInfo
                0x00000000001105fe                decodeMouseInfo
                0x0000000000110712                drawMouse
 .text          0x00000000001107f0       0x10 graphic\init.obj
                0x00000000001107f0                initGraphic
 .text          0x0000000000110800      0x1a0 graphic\simple.obj
                0x0000000000110800                drawPoint
                0x000000000011084a                drawRectangle
                0x00000000001108d2                drawCircle
 .text          0x00000000001109a0      0x310 graphic\string.obj
                0x00000000001109a0                drawCharacter
                0x0000000000110c4b                drawString
 .text          0x0000000000110cb0       0x61 memory\asm_gdtidt.obj
                0x0000000000110cb0                loadGdt
                0x0000000000110cec                main_label
                0x0000000000110cf2                loadIdt
 *fill*         0x0000000000110d11        0xf 
 .text          0x0000000000110d20      0x290 memory\gdtidt.obj
                0x0000000000110d20                initGdt
                0x0000000000110d7b                initIdt
                0x0000000000110e4b                initPic
                0x0000000000110f3a                makeGateDescriptor
 .text          0x0000000000110fb0       0xc0 memory\interrupt.obj
                0x0000000000110fb0                emptyHandler
                0x0000000000110fd7                keyboardHandler
                0x000000000011101a                mouseHandler
 .text          0x0000000000111070       0x3d memory\asm_interrupt.obj
                0x0000000000111070                asmEmptyHandler
                0x0000000000111083                asmKeyboardHandler
                0x0000000000111098                asmMouseHandler
 *fill*         0x00000000001110ad        0x3 
 .text          0x00000000001110b0       0xb0 memory\device.obj
                0x00000000001110b0                initKeyBoard
                0x0000000000111103                waitKeyboardSendReady
                0x0000000000111129                initMouse
 .text          0x0000000000111160       0x1b util\asmfunc.obj
                0x0000000000111160                io_cli
                0x0000000000111162                io_sti
                0x0000000000111164                io_in8
                0x000000000011116a                io_in32
                0x000000000011116f                io_out8
                0x0000000000111175                io_out32
 *fill*         0x000000000011117b        0x5 
 .text          0x0000000000111180      0x180 util\stdio.obj
                0x0000000000111180                sprintf
 .text          0x0000000000111300      0x160 util\fifo.obj
                0x0000000000111300                initFIFO
                0x0000000000111359                putFIFO
                0x00000000001113ce                getFIFO
 *(.rodata*)
 *(.data*)
 .data          0x0000000000111460        0x0 console\console.obj
 .data          0x0000000000111460       0x20 core\kernel.obj
                0x0000000000111460                gInfo
                0x0000000000111468                GDT
                0x0000000000111470                IDT
 .data          0x0000000000111480       0xe0 device\mouse.obj
                0x0000000000111480                cursor
 .data          0x0000000000111560        0x0 graphic\init.obj
 .data          0x0000000000111560        0x0 graphic\simple.obj
 .data          0x0000000000111560      0x600 graphic\string.obj
                0x0000000000111560                _fonts
 .data          0x0000000000111b60        0x0 memory\gdtidt.obj
 .data          0x0000000000111b60        0x0 memory\interrupt.obj
 .data          0x0000000000111b60        0x0 memory\device.obj
 .data          0x0000000000111b60        0x0 util\stdio.obj
 .data          0x0000000000111b60        0x0 util\fifo.obj
 *(.rdata*)
 .rdata$zzz     0x0000000000111b60       0x40 console\console.obj
 .rdata         0x0000000000111ba0       0x50 core\kernel.obj
 .rdata$zzz     0x0000000000111bf0       0x40 core\kernel.obj
 .rdata$zzz     0x0000000000111c30       0x40 device\mouse.obj
 .rdata$.refptr.gInfo
                0x0000000000111c70       0x10 device\mouse.obj
                0x0000000000111c70                .refptr.gInfo
 .rdata$zzz     0x0000000000111c80       0x40 graphic\init.obj
 .rdata$zzz     0x0000000000111cc0       0x40 graphic\simple.obj
 .rdata$zzz     0x0000000000111d00       0x40 graphic\string.obj
 .rdata         0x0000000000111d40       0x20 memory\gdtidt.obj
 .rdata$zzz     0x0000000000111d60       0x40 memory\gdtidt.obj
 .rdata$.refptr.asmMouseHandler
                0x0000000000111da0       0x10 memory\gdtidt.obj
                0x0000000000111da0                .refptr.asmMouseHandler
 .rdata$.refptr.asmKeyboardHandler
                0x0000000000111db0       0x10 memory\gdtidt.obj
                0x0000000000111db0                .refptr.asmKeyboardHandler
 .rdata$.refptr.IDT
                0x0000000000111dc0       0x10 memory\gdtidt.obj
                0x0000000000111dc0                .refptr.IDT
 .rdata$.refptr.asmEmptyHandler
                0x0000000000111dd0       0x10 memory\gdtidt.obj
                0x0000000000111dd0                .refptr.asmEmptyHandler
 .rdata$.refptr.GDT
                0x0000000000111de0       0x10 memory\gdtidt.obj
                0x0000000000111de0                .refptr.GDT
 .rdata         0x0000000000111df0       0x10 memory\interrupt.obj
 .rdata$zzz     0x0000000000111e00       0x40 memory\interrupt.obj
 .rdata$.refptr.fifo
                0x0000000000111e40       0x10 memory\interrupt.obj
                0x0000000000111e40                .refptr.fifo
 .rdata         0x0000000000111e50       0x20 memory\device.obj
 .rdata$zzz     0x0000000000111e70       0x40 memory\device.obj
 .rdata$zzz     0x0000000000111eb0       0x40 util\stdio.obj
 .rdata$zzz     0x0000000000111ef0       0x40 util\fifo.obj
                0x0000000000111f30                _bss_start = .
 *(.bss)
 .bss           0x0000000000111f30        0x0 console\console.obj
 *fill*         0x0000000000111f30       0x10 
 .bss           0x0000000000111f40      0xc60 core\kernel.obj
                0x0000000000111f40                mouse
                0x0000000000111f60                fifo
                0x0000000000112180                console
 .bss           0x0000000000112ba0        0x0 device\mouse.obj
 .bss           0x0000000000112ba0        0x0 graphic\init.obj
 .bss           0x0000000000112ba0        0x0 graphic\simple.obj
 .bss           0x0000000000112ba0        0x0 graphic\string.obj
 .bss           0x0000000000112ba0       0x10 memory\gdtidt.obj
                0x0000000000112ba0                idtr
 .bss           0x0000000000112bb0        0x0 memory\interrupt.obj
 .bss           0x0000000000112bb0        0x0 memory\device.obj
 .bss           0x0000000000112bb0        0x0 util\stdio.obj
 .bss           0x0000000000112bb0        0x0 util\fifo.obj
                0x0000000000112bb0                _bss_end = .
 *(.text.entry)
 *(.text*)
 *(.rodata*)
 *(.data*)
 *(.rdata*)
                0x0000000000112bb0                _bss_start = .
 *(.bss)
                0x0000000000112bb0                _bss_end = .

/DISCARD/
 *(.eh_frame)
 *(.eh_frame)
LOAD console\console.obj
LOAD core\entry.obj
LOAD core\kernel.obj
LOAD device\mouse.obj
LOAD graphic\init.obj
LOAD graphic\simple.obj
LOAD graphic\string.obj
LOAD memory\asm_gdtidt.obj
LOAD memory\gdtidt.obj
LOAD memory\interrupt.obj
LOAD memory\asm_interrupt.obj
LOAD memory\device.obj
LOAD util\asmfunc.obj
LOAD util\stdio.obj
LOAD util\fifo.obj
LOAD scripts\kernel.ld
OUTPUT(kernel.exe pei-x86-64)
